ajinkya@hcl-rapid-platform:~/python-clients/Shell-scripting$ cat /etc/shells
# /etc/shells: valid login shells
/bin/sh
/bin/bash
/bin/rbash
/bin/dash

ajinkya@hcl-rapid-platform:~/python-clients/Shell-scripting$ ./first.sh # To run shell script
Hello world
This is first shellscript.
first.sh
   December 2024      
Su Mo Tu We Th Fr Sa  
 1  2  3  4  5  6  7  
 8  9 10 11 12 13 14  
15 16 17 18 19 20 21  
22 23 24 25 26 27 28  
29 30 31                                    
/home/ajinkya/python-clients/Shell-scripting

ajinkya@hcl-rapid-platform:~/python-clients/Shell-scripting$ ps -ef # To check current running processes
ajinkya  32668 12413  0 23:00 pts/2    00:00:00 /bin/bash ./first.sh
ajinkya  32671 32668  0 23:00 pts/2    00:00:00 sleep 30

ajinkya@hcl-rapid-platform:~/python-clients/Shell-scripting$ which python3 # To find file path
/usr/bin/python3

ajinkya@hcl-rapid-platform:~/python-clients/Shell-scripting$ ./second.sh
bash: ./second.sh: Permission denied

ajinkya@hcl-rapid-platform:~/python-clients/Shell-scripting$ chmod +x second.sh

ajinkya@hcl-rapid-platform:~/python-clients/Shell-scripting$ ./second.sh
Hello world from Python program
